I'm sorry, but errors were detected in your script. Please correct the
errors listed below, and try again.


File "game/script.rpy", line 118: invalid syntax
                if question is None

Ren'Py Version: Ren'Py 8.3.4.24120703
Tue Dec 17 10:56:36 2024
